exports[`<SocialIcon /> should render with default props 1`] = `<span />`;
