exports[`<WithToast /> should render with default props 1`] = `<div />`;
