exports[`<SearchMeta /> should render with default props 1`] = `
<Box
  announce={false}
  direction="column"
  focusable={true}
  pad="none"
  responsive={true}
  tag="div">
  <Heading
    align="center"
    tag="h3">
    None Found
  </Heading>
</Box>
`;
