exports[`<MarkdownInput /> should render with default props 1`] = `
<textarea
  columns={40}
  rows={6} />
`;
