exports[`<Header /> should render with default props 1`] = `
<img
  alt="Ryan Collins Logo"
  id="ryancollins-logo"
  src={Object {}} />
`;
