exports[`<ToastMessage /> should render with default props 1`] = `
<Toast
  status="ok" />
`;
