exports[`<QueryNotFound /> should render with default props 1`] = `
<div>
  <img
    src="https://github.com/RyanCCollins/cdn/blob/master/misc/thinking-face.png?raw=true" />
  <div>
    <p>
      Sorry, but we couldn\'t find any 
       that matched your query.
    </p>
  </div>
</div>
`;
