exports[`<SessionMenu /> should render with default props 1`] = `
<span>
  <NoUserMenu />
</span>
`;
